// Jest Snapshot v1, https://goo.gl/fbAQLP

exports[`BodyWithMeta when route is a redirect route 1`] = `
<Component
  className="body"
>
  <body
    className="body"
    lang="en"
  >
    <div>
      static page
    </div>
  </body>
</Component>
`

exports[`BodyWithMeta when route is a static route 1`] = `
<Component
  className="body"
>
  <body
    className="body"
    lang="en"
  >
    <div>
      static page
    </div>
  </body>
</Component>
`
